Test run for D:\Work\K-OCR\KOCRAsp.Tests\bin\Debug\net8.0\KOCRAsp.Tests.dll (.NETCoreApp,Version=v8.0)
A total of 1 test files matched the specified pattern.
[xUnit.net 00:00:00.76]     KOCRAsp.Tests.Controllers.AdminControllerTests.Index_ReturnsSuperAdminView [FAIL]
  Failed KOCRAsp.Tests.Controllers.AdminControllerTests.Index_ReturnsSuperAdminView [49 ms]
  Error Message:
   System.NullReferenceException : Object reference not set to an instance of an object.
  Stack Trace:
     at Microsoft.Extensions.Configuration.ConfigurationBinder.GetValue(IConfiguration configuration, Type type, String key, Object defaultValue)
   at Microsoft.Extensions.Configuration.ConfigurationBinder.GetValue[T](IConfiguration configuration, String key, T defaultValue)
   at KOCRAsp.Controllers.AdminController.Index() in D:\Work\K-OCR\KOCRAsp\Controllers\AdminController.cs:line 34
   at KOCRAsp.Tests.Controllers.AdminControllerTests.Index_ReturnsSuperAdminView() in D:\Work\K-OCR\KOCRAsp.Tests\Controllers\AdminControllerTests.cs:line 47
--- End of stack trace from previous location ---

Failed!  - Failed:     1, Passed:    34, Skipped:     0, Total:    35, Duration: 1 s - KOCRAsp.Tests.dll (net8.0)
